#
# There is insufficient memory for the Java Runtime Environment to continue.
# Native memory allocation (mmap) failed to map 266338304 bytes. Error detail: G1 virtual space
# Possible reasons:
#   The system is out of physical RAM or swap space
#   This process is running with CompressedOops enabled, and the Java Heap may be blocking the growth of the native heap
# Possible solutions:
#   Reduce memory load on the system
#   Increase physical memory or swap space
#   Check if swap backing store is full
#   Decrease Java heap size (-Xmx/-Xms)
#   Decrease number of Java threads
#   Decrease Java thread stack sizes (-Xss)
#   Set larger code cache with -XX:ReservedCodeCacheSize=
#   JVM is running with Zero Based Compressed Oops mode in which the Java heap is
#     placed in the first 32GB address space. The Java Heap base address is the
#     maximum limit for the native heap growth. Please use -XX:HeapBaseMinAddress
#     to set the Java Heap base and to place the Java Heap above 32GB virtual address.
# This output file may be truncated or incomplete.
#
#  Out of Memory Error (os_windows.cpp:3614), pid=6964, tid=9836
#
# JRE version:  (17.0.13+11) (build )
# Java VM: OpenJDK 64-Bit Server VM (17.0.13+11-LTS, mixed mode, emulated-client, sharing, tiered, compressed oops, compressed class ptrs, g1 gc, windows-amd64)
# No core dump will be written. Minidumps are not enabled by default on client versions of Windows
#

---------------  S U M M A R Y ------------

Command Line: -XX:TieredStopAtLevel=1 -Dspring.output.ansi.enabled=always -Dcom.sun.management.jmxremote -Dspring.jmx.enabled=true -Dspring.liveBeansView.mbeanDomain -Dspring.application.admin.enabled=true -Dmanagement.endpoints.jmx.exposure.include=* -javaagent:D:\IntelliJ\IntelliJ IDEA 2024.2.2\lib\idea_rt.jar=59257:D:\IntelliJ\IntelliJ IDEA 2024.2.2\bin -Dfile.encoding=UTF-8 org.example.MyLibrarySite.MyLibrarySiteApplication

Host: 11th Gen Intel(R) Core(TM) i5-1135G7 @ 2.40GHz, 8 cores, 15G,  Windows 11 , 64 bit Build 26100 (10.0.26100.2454)
Time: Sat Dec 28 03:39:07 2024  Windows 11 , 64 bit Build 26100 (10.0.26100.2454) elapsed time: 1.140686 seconds (0d 0h 0m 1s)

---------------  T H R E A D  ---------------

Current thread (0x0000026985cf6610):  JavaThread "Unknown thread" [_thread_in_vm, id=9836, stack(0x000000b8e6500000,0x000000b8e6600000)]

Stack: [0x000000b8e6500000,0x000000b8e6600000]
Native frames: (J=compiled Java code, j=interpreted, Vv=VM code, C=native code)
V  [jvm.dll+0x680c19]
V  [jvm.dll+0x83888a]
V  [jvm.dll+0x83a34e]
V  [jvm.dll+0x83a9b3]
V  [jvm.dll+0x2481af]
V  [jvm.dll+0x67d959]
V  [jvm.dll+0x67242a]
V  [jvm.dll+0x30813b]
V  [jvm.dll+0x30f626]
V  [jvm.dll+0x35f94e]
V  [jvm.dll+0x35fb8f]
V  [jvm.dll+0x2df0ec]
V  [jvm.dll+0x2e0044]
V  [jvm.dll+0x80a04b]
V  [jvm.dll+0x36d6c1]
V  [jvm.dll+0x7e8975]
V  [jvm.dll+0x3f109f]
V  [jvm.dll+0x3f2c11]
C  [jli.dll+0x52ab]
C  [ucrtbase.dll+0x14ea0]
C  [KERNEL32.DLL+0x2e8d7]
C  [ntdll.dll+0xdfbcc]


---------------  P R O C E S S  ---------------

Threads class SMR info:
_java_thread_list=0x00007ffbfed48f58, length=0, elements={
}

Java Threads: ( => current thread )

Other Threads:
  0x0000026985d635e0 GCTaskThread "GC Thread#0" [stack: 0x000000b8e6600000,0x000000b8e6700000] [id=20452]
  0x0000026985d70290 ConcurrentGCThread "G1 Main Marker" [stack: 0x000000b8e6700000,0x000000b8e6800000] [id=18048]
  0x0000026985d70cb0 ConcurrentGCThread "G1 Conc#0" [stack: 0x000000b8e6800000,0x000000b8e6900000] [id=16284]

[error occurred during error reporting (printing all threads), id 0xc0000005, EXCEPTION_ACCESS_VIOLATION (0xc0000005) at pc=0x00007ffbfe4ff827]

VM state: not at safepoint (not fully initialized)

VM Mutex/Monitor currently owned by a thread:  ([mutex/lock_event])
[0x0000026985cf0030] Heap_lock - owner thread: 0x0000026985cf6610

Heap address: 0x0000000703600000, size: 4042 MB, Compressed Oops mode: Zero based, Oop shift amount: 3

CDS archive(s) mapped at: [0x0000000000000000-0x0000000000000000-0x0000000000000000), size 0, SharedBaseAddress: 0x0000000800000000, ArchiveRelocationMode: 1.
Narrow klass base: 0x0000000000000000, Narrow klass shift: 0, Narrow klass range: 0x0

GC Precious Log:
<Empty>

Heap:
 garbage-first heap   total 0K, used 0K [0x0000000703600000, 0x0000000800000000)
  region size 2048K, 0 young (0K), 0 survivors (0K)

[error occurred during error reporting (printing heap information), id 0xc0000005, EXCEPTION_ACCESS_VIOLATION (0xc0000005) at pc=0x00007ffbfe8e9e69]

GC Heap History (0 events):
No events

Dll operation events (1 events):
Event: 0.007 Loaded shared library C:\Users\User\.jdks\corretto-17.0.13\bin\java.dll

Deoptimization events (0 events):
No events

Classes loaded (0 events):
No events

Classes unloaded (0 events):
No events

Classes redefined (0 events):
No events

Internal exceptions (0 events):
No events

VM Operations (0 events):
No events

Memory protections (0 events):
No events

Nmethod flushes (0 events):
No events

Events (0 events):
No events


Dynamic libraries:
0x00007ff67b920000 - 0x00007ff67b92e000 	C:\Users\User\.jdks\corretto-17.0.13\bin\java.exe
0x00007ffc6f2a0000 - 0x00007ffc6f503000 	C:\WINDOWS\SYSTEM32\ntdll.dll
0x00007ffc6d220000 - 0x00007ffc6d2e8000 	C:\WINDOWS\System32\KERNEL32.DLL
0x00007ffc6cd40000 - 0x00007ffc6d0f2000 	C:\WINDOWS\System32\KERNELBASE.dll
0x00007ffc6c7a0000 - 0x00007ffc6c8eb000 	C:\WINDOWS\System32\ucrtbase.dll
0x00007ffc278d0000 - 0x00007ffc278eb000 	C:\Users\User\.jdks\corretto-17.0.13\bin\VCRUNTIME140.dll
0x00007ffc27760000 - 0x00007ffc27777000 	C:\Users\User\.jdks\corretto-17.0.13\bin\jli.dll
0x00007ffc6e2e0000 - 0x00007ffc6e4a8000 	C:\WINDOWS\System32\USER32.dll
0x00007ffc4a8d0000 - 0x00007ffc4ab60000 	C:\WINDOWS\WinSxS\amd64_microsoft.windows.common-controls_6595b64144ccf1df_6.0.26100.2454_none_3e0b68a2e331ad60\COMCTL32.dll
0x00007ffc6cd10000 - 0x00007ffc6cd37000 	C:\WINDOWS\System32\win32u.dll
0x00007ffc6d4c0000 - 0x00007ffc6d569000 	C:\WINDOWS\System32\msvcrt.dll
0x00007ffc6d810000 - 0x00007ffc6d83a000 	C:\WINDOWS\System32\GDI32.dll
0x00007ffc6c670000 - 0x00007ffc6c79b000 	C:\WINDOWS\System32\gdi32full.dll
0x00007ffc6cbd0000 - 0x00007ffc6cc73000 	C:\WINDOWS\System32\msvcp_win.dll
0x00007ffc6d6f0000 - 0x00007ffc6d71f000 	C:\WINDOWS\System32\IMM32.DLL
0x00007ffc3c0d0000 - 0x00007ffc3c0dc000 	C:\Users\User\.jdks\corretto-17.0.13\bin\vcruntime140_1.dll
0x00007ffc20970000 - 0x00007ffc209fd000 	C:\Users\User\.jdks\corretto-17.0.13\bin\msvcp140.dll
0x00007ffbfe210000 - 0x00007ffbfee7c000 	C:\Users\User\.jdks\corretto-17.0.13\bin\server\jvm.dll
0x00007ffc6d390000 - 0x00007ffc6d444000 	C:\WINDOWS\System32\ADVAPI32.dll
0x00007ffc6e700000 - 0x00007ffc6e7a6000 	C:\WINDOWS\System32\sechost.dll
0x00007ffc6d580000 - 0x00007ffc6d696000 	C:\WINDOWS\System32\RPCRT4.dll
0x00007ffc6e650000 - 0x00007ffc6e6c4000 	C:\WINDOWS\System32\WS2_32.dll
0x00007ffc6be40000 - 0x00007ffc6be8e000 	C:\WINDOWS\SYSTEM32\POWRPROF.dll
0x00007ffc65f80000 - 0x00007ffc65f8b000 	C:\WINDOWS\SYSTEM32\VERSION.dll
0x00007ffc65250000 - 0x00007ffc65286000 	C:\WINDOWS\SYSTEM32\WINMM.dll
0x00007ffc6be20000 - 0x00007ffc6be34000 	C:\WINDOWS\SYSTEM32\UMPDC.dll
0x00007ffc6b470000 - 0x00007ffc6b48a000 	C:\WINDOWS\SYSTEM32\kernel.appcore.dll
0x00007ffc36860000 - 0x00007ffc3686a000 	C:\Users\User\.jdks\corretto-17.0.13\bin\jimage.dll
0x00007ffc69670000 - 0x00007ffc698b1000 	C:\WINDOWS\SYSTEM32\DBGHELP.DLL
0x00007ffc6d840000 - 0x00007ffc6dbbe000 	C:\WINDOWS\System32\combase.dll
0x00007ffc6d730000 - 0x00007ffc6d806000 	C:\WINDOWS\System32\OLEAUT32.dll
0x00007ffc650a0000 - 0x00007ffc650d9000 	C:\WINDOWS\SYSTEM32\dbgcore.DLL
0x00007ffc6cb30000 - 0x00007ffc6cbc9000 	C:\WINDOWS\System32\bcryptPrimitives.dll
0x00007ffc35000000 - 0x00007ffc3500e000 	C:\Users\User\.jdks\corretto-17.0.13\bin\instrument.dll
0x00007ffc22620000 - 0x00007ffc22645000 	C:\Users\User\.jdks\corretto-17.0.13\bin\java.dll

dbghelp: loaded successfully - version: 4.0.5 - missing functions: none
symbol engine: initialized successfully - sym options: 0x614 - pdb path: .;C:\Users\User\.jdks\corretto-17.0.13\bin;C:\WINDOWS\SYSTEM32;C:\WINDOWS\WinSxS\amd64_microsoft.windows.common-controls_6595b64144ccf1df_6.0.26100.2454_none_3e0b68a2e331ad60;C:\Users\User\.jdks\corretto-17.0.13\bin\server

VM Arguments:
jvm_args: -XX:TieredStopAtLevel=1 -Dspring.output.ansi.enabled=always -Dcom.sun.management.jmxremote -Dspring.jmx.enabled=true -Dspring.liveBeansView.mbeanDomain -Dspring.application.admin.enabled=true -Dmanagement.endpoints.jmx.exposure.include=* -javaagent:D:\IntelliJ\IntelliJ IDEA 2024.2.2\lib\idea_rt.jar=59257:D:\IntelliJ\IntelliJ IDEA 2024.2.2\bin -Dfile.encoding=UTF-8 
java_command: org.example.MyLibrarySite.MyLibrarySiteApplication
java_class_path (initial): D:\homework\5sem\Spring\MyLibrarySite\build\classes\java\main;D:\homework\5sem\Spring\MyLibrarySite\build\resources\main;C:\Users\User\.gradle\caches\8.8\caches\modules-2\files-2.1\javax.servlet\javax.servlet-api\4.0.1\a27082684a2ff0bf397666c3943496c44541d1ca\javax.servlet-api-4.0.1.jar;C:\Users\User\.gradle\caches\8.8\caches\modules-2\files-2.1\org.springframework.boot\spring-boot-starter-security\3.3.4\58e8b8decf2116c2e3422368d8f1ebd5bdff117\spring-boot-starter-security-3.3.4.jar;C:\Users\User\.gradle\caches\8.8\caches\modules-2\files-2.1\org.springdoc\springdoc-openapi-starter-webmvc-ui\2.5.0\e81e60e9be9fd65503071337e634b6056127a2fb\springdoc-openapi-starter-webmvc-ui-2.5.0.jar;C:\Users\User\.gradle\caches\8.8\caches\modules-2\files-2.1\io.jsonwebtoken\jjwt-api\0.11.5\f742940045619d06383e7df37b21ac422b476cf1\jjwt-api-0.11.5.jar;C:\Users\User\.gradle\caches\8.8\caches\modules-2\files-2.1\org.flywaydb\flyway-core\10.10.0\8761d308b9fc9697a95ae362bcbbb5abe8f6e08f\flyway-core-10.10.0.jar;C:\Users\User\.gradle\caches\8.8\caches\modules-2\files-2.1\org.springframework.boot\spring-boot-starter-data-jpa\3.3.4\60df2a5bea8752fb215f3c8e1dffeb3554773a49\spring-boot-starter-data-jpa-3.3.4.jar;C:\Users\User\.gradle\caches\8.8\caches\modules-2\files-2.1\org.springframework.security\spring-security-web\6.3.3\54455b90899cd803e92b020124e859a859f63ee0\spring-security-web-6.3.3.jar;C:\Users\User\.gradle\caches\8.8\caches\modules-2\files-2.1\org.springframework.security\spring-security-config\6.3.3\57b2c01e0a9e12b4418668ebc369e39b648e61bb\spring-security-config-6.3.3.jar;C:\Users\User\.gradle\caches\8.8\caches\modules-2\files-2.1\org.springframework.boot\spring-boot-starter-thymeleaf\3.3.4\29c4b1acf955b350bf7d8fd201798d30647fb89e\spring-boot-starter-thymeleaf-3.3.4.jar;C:\Users\User\.gradle\caches\8.8\caches\modules-2\files-2.1\org.springframework.boot\spring-boot-starter-web\3.3.4\b43a9fd107611337777b47dc7518e2aca59e58eb\spring-boot-starter-web-3.3.4.jar;
Launcher Type: SUN_STANDARD

[Global flags]
     intx CICompilerCount                          = 4                                         {product} {ergonomic}
     uint ConcGCThreads                            = 2                                         {product} {ergonomic}
     uint G1ConcRefinementThreads                  = 8                                         {product} {ergonomic}
   size_t G1HeapRegionSize                         = 2097152                                   {product} {ergonomic}
    uintx GCDrainStackTargetSize                   = 64                                        {product} {ergonomic}
   size_t InitialHeapSize                          = 266338304                                 {product} {ergonomic}
     bool ManagementServer                         = true                                      {product} {command line}
   size_t MarkStackSize                            = 4194304                                   {product} {ergonomic}
   size_t MaxHeapSize                              = 4238344192                                {product} {ergonomic}
   size_t MinHeapDeltaBytes                        = 2097152                                   {product} {ergonomic}
   size_t MinHeapSize                              = 8388608                                   {product} {ergonomic}
    uintx NonProfiledCodeHeapSize                  = 0                                      {pd product} {ergonomic}
     bool ProfileInterpreter                       = false                                  {pd product} {command line}
    uintx ProfiledCodeHeapSize                     = 0                                      {pd product} {ergonomic}
   size_t SoftMaxHeapSize                          = 4238344192                             {manageable} {ergonomic}
     intx TieredStopAtLevel                        = 1                                         {product} {command line}
     bool UseCompressedClassPointers               = true                           {product lp64_product} {ergonomic}
     bool UseCompressedOops                        = true                           {product lp64_product} {ergonomic}
     bool UseG1GC                                  = true                                      {product} {ergonomic}
     bool UseLargePagesIndividualAllocation        = false                                  {pd product} {ergonomic}

Logging:
Log output configuration:
 #0: stdout all=warning uptime,level,tags
 #1: stderr all=off uptime,level,tags

Environment Variables:
PATH=C:\Program Files\Eclipse Adoptium\jdk-21.0.4.7-hotspot\bin;C:\WINDOWS\system32;C:\WINDOWS;C:\WINDOWS\System32\Wbem;C:\WINDOWS\System32\WindowsPowerShell\v1.0\;C:\WINDOWS\System32\OpenSSH\;C:\Program Files\Git\cmd;C:\Program Files\Docker\Docker\resources\bin;C:\Users\User\AppData\Local\Programs\Python\Python310\Scripts\;C:\Users\User\AppData\Local\Programs\Python\Python310\;C:\Users\User\AppData\Local\Programs\Python\Python313\Scripts\;C:\Users\User\AppData\Local\Programs\Python\Python313\;C:\Users\User\AppData\Local\Microsoft\WindowsApps;C:\Gradle\gradle-8.10.2\bin;D:\PyCharm\PyCharm 2024.2.3\bin;;D:\anaconda\condabin;D:\Graphviz-12.2.0-win64\bin;
USERNAME=User
OS=Windows_NT
PROCESSOR_IDENTIFIER=Intel64 Family 6 Model 140 Stepping 1, GenuineIntel
TMP=C:\WINDOWS\TEMP
TEMP=C:\WINDOWS\TEMP



Periodic native trim disabled


---------------  S Y S T E M  ---------------

OS:
 Windows 11 , 64 bit Build 26100 (10.0.26100.2454)
OS uptime: 2 days 22:58 hours
Hyper-V role detected

CPU: total 8 (initial active 8) (4 cores per cpu, 2 threads per core) family 6 model 140 stepping 1 microcode 0x9a, cx8, cmov, fxsr, ht, mmx, 3dnowpref, sse, sse2, sse3, ssse3, sse4.1, sse4.2, popcnt, lzcnt, tsc, tscinvbit, avx, avx2, aes, erms, clmul, bmi1, bmi2, adx, avx512f, avx512dq, avx512cd, avx512bw, avx512vl, sha, fma, vzeroupper, avx512_vpopcntdq, avx512_vpclmulqdq, avx512_vaes, avx512_vnni, clflush, clflushopt, clwb, avx512_vbmi2, avx512_vbmi, hv
Processor Information for processor 0
  Max Mhz: 2419, Current Mhz: 1209, Mhz Limit: 2419
Processor Information for processor 1
  Max Mhz: 2419, Current Mhz: 1209, Mhz Limit: 2419
Processor Information for processor 2
  Max Mhz: 2419, Current Mhz: 2419, Mhz Limit: 2419
Processor Information for processor 3
  Max Mhz: 2419, Current Mhz: 2419, Mhz Limit: 2419
Processor Information for processor 4
  Max Mhz: 2419, Current Mhz: 2419, Mhz Limit: 2419
Processor Information for processor 5
  Max Mhz: 2419, Current Mhz: 2419, Mhz Limit: 2419
Processor Information for processor 6
  Max Mhz: 2419, Current Mhz: 1209, Mhz Limit: 2419
Processor Information for processor 7
  Max Mhz: 2419, Current Mhz: 1209, Mhz Limit: 2419

Memory: 4k page, system-wide physical 16167M (1393M free)
TotalPageFile size 20263M (AvailPageFile size 44M)
current process WorkingSet (physical memory assigned to process): 12M, peak: 12M
current process commit charge ("private bytes"): 55M, peak: 309M

vm_info: OpenJDK 64-Bit Server VM (17.0.13+11-LTS) for windows-amd64 JRE (17.0.13+11-LTS), built on Oct 10 2024 19:51:30 by "Administrator" with MS VC++ 16.10 / 16.11 (VS2019)

END.
